../CMSIS/core_cm0.h:623:22:__NVIC_EnableIRQ	16	static,ignoring_inline_asm
../CMSIS/core_cm0.h:714:22:__NVIC_ClearPendingIRQ	16	static
../CMSIS/core_cm0.h:732:22:__NVIC_SetPriority	24	static
../Src/analog_out.c:33:6:Init_DAC	8	static
../Src/analog_out.c:59:6:Init_DMA	16	static
../Src/analog_out.c:109:6:Init_TIM6	24	static
../Src/analog_out.c:145:9:update_required	16	static
../Src/analog_out.c:161:6:Update_TIM6	8	static
../Src/analog_out.c:184:6:Init_TIM7	8	static
../Src/analog_out.c:220:6:TIM7_IRQHandler	8	static
