../Src/i2cbb.c:37:6:i2cInitGpio	8	static
../Src/i2cbb.c:60:9:i2cReadPin	24	static
../Src/i2cbb.c:73:6:i2cSetPin	24	static
../Src/i2cbb.c:90:6:clock	24	static
../Src/i2cbb.c:106:6:start	24	static
../Src/i2cbb.c:126:6:stop	32	static
../Src/i2cbb.c:146:6:sendAcknowledge	24	static
../Src/i2cbb.c:163:6:sendNAcknowledge	24	static
../Src/i2cbb.c:179:9:reverse	24	static
../Src/i2cbb.c:199:6:sendControlByte	24	static
../Src/i2cbb.c:220:5:checkAcknowledgement	40	static
../Src/i2cbb.c:246:6:i2cByteWrite	32	static
../Src/i2cbb.c:265:9:i2cByteRead	40	static
